// Jest Snapshot v1, https://goo.gl/fbAQLP

exports[`renders correctly 1`] = `
<ModuleContext
  style={
    Object {
      "color": "red",
    }
  }
>
  <_class
    context={
      Object {
        "Consumer": [Function],
        "Provider": [Function],
      }
    }
    style={
      Object {
        "color": "red",
      }
    }
  >
    <Provider
      value={
        Object {
          "backgroundColor": "pink",
          "color": "red",
        }
      }
    >
      <SubscribeWrap
        text="is"
      >
        <Consumer
          quiet={false}
        >
          <_class3
            text="is"
            theme={
              Object {
                "backgroundColor": "pink",
                "color": "red",
              }
            }
          >
            <span
              style={
                Object {
                  "backgroundColor": "pink",
                  "color": "red",
                  "padding": 10,
                }
              }
            >
              is
            </span>
          </_class3>
        </Consumer>
      </SubscribeWrap>
      <ModuleContext
        style={
          Object {
            "color": "green",
          }
        }
      >
        <_class
          context={
            Object {
              "Consumer": [Function],
              "Provider": [Function],
            }
          }
          style={
            Object {
              "color": "green",
            }
          }
        >
          <Provider
            value={
              Object {
                "backgroundColor": "pink",
                "color": "green",
              }
            }
          >
            <SubscribeWrap
              text="it"
            >
              <Consumer
                quiet={false}
              >
                <_class3
                  text="it"
                  theme={
                    Object {
                      "backgroundColor": "pink",
                      "color": "green",
                    }
                  }
                >
                  <span
                    style={
                      Object {
                        "backgroundColor": "pink",
                        "color": "green",
                        "padding": 10,
                      }
                    }
                  >
                    it
                  </span>
                </_class3>
              </Consumer>
            </SubscribeWrap>
            <SubscribeWrap>
              <Consumer
                quiet={false}
              >
                <TransformContext
                  theme={
                    Object {
                      "backgroundColor": "pink",
                      "color": "green",
                    }
                  }
                >
                  <_class2
                    context={
                      Object {
                        "Consumer": [Function],
                        "Provider": [Function],
                      }
                    }
                    theme={
                      Object {
                        "backgroundColor": "pink",
                        "color": "green",
                      }
                    }
                  >
                    <Provider
                      value={
                        Object {
                          "backgroundColor": "rgb(0, 63, 52)",
                          "color": "rgb(255, 127, 255)",
                        }
                      }
                    >
                      <SubscribeWrap
                        text="friday"
                      >
                        <Consumer
                          quiet={false}
                        >
                          <_class3
                            text="friday"
                            theme={
                              Object {
                                "backgroundColor": "rgb(0, 63, 52)",
                                "color": "rgb(255, 127, 255)",
                              }
                            }
                          >
                            <span
                              style={
                                Object {
                                  "backgroundColor": "rgb(0, 63, 52)",
                                  "color": "rgb(255, 127, 255)",
                                  "padding": 10,
                                }
                              }
                            >
                              friday
                            </span>
                          </_class3>
                        </Consumer>
                      </SubscribeWrap>
                      <SubscribeWrap>
                        <Consumer
                          quiet={false}
                        >
                          <TransformContext
                            theme={
                              Object {
                                "backgroundColor": "rgb(0, 63, 52)",
                                "color": "rgb(255, 127, 255)",
                              }
                            }
                          >
                            <_class2
                              context={
                                Object {
                                  "Consumer": [Function],
                                  "Provider": [Function],
                                }
                              }
                              theme={
                                Object {
                                  "backgroundColor": "rgb(0, 63, 52)",
                                  "color": "rgb(255, 127, 255)",
                                }
                              }
                            >
                              <Provider
                                value={
                                  Object {
                                    "backgroundColor": "rgb(255, 192, 203)",
                                    "color": "rgb(0, 128, 0)",
                                  }
                                }
                              >
                                <SubscribeWrap
                                  text="yet"
                                >
                                  <Consumer
                                    quiet={false}
                                  >
                                    <_class3
                                      text="yet"
                                      theme={
                                        Object {
                                          "backgroundColor": "rgb(255, 192, 203)",
                                          "color": "rgb(0, 128, 0)",
                                        }
                                      }
                                    >
                                      <span
                                        style={
                                          Object {
                                            "backgroundColor": "rgb(255, 192, 203)",
                                            "color": "rgb(0, 128, 0)",
                                            "padding": 10,
                                          }
                                        }
                                      >
                                        yet
                                      </span>
                                    </_class3>
                                  </Consumer>
                                </SubscribeWrap>
                              </Provider>
                            </_class2>
                          </TransformContext>
                        </Consumer>
                      </SubscribeWrap>
                    </Provider>
                  </_class2>
                </TransformContext>
              </Consumer>
            </SubscribeWrap>
          </Provider>
        </_class>
      </ModuleContext>
    </Provider>
  </_class>
</ModuleContext>
`;
